// Jest Snapshot v1, https://goo.gl/fbAQLP

exports[`ChatApp should render normally 1`] = `
<Route
  render={[Function]}
/>
`;
