// Jest Snapshot v1, https://goo.gl/fbAQLP

exports[`App should render normally 1`] = `
<MuiThemeProvider>
  <BrowserRouter>
    <withRouter(ChatApp) />
  </BrowserRouter>
</MuiThemeProvider>
`;
